// Jest Snapshot v1, https://goo.gl/fbAQLP

exports[`Test if the SecondaryCTA component is working as expected <SecondaryCTA /> matches snapshot 1`] = `
<div>
  <a
    data-testid="secondary-cta"
    href=""
  >
    <div
      class="text-center d-flex align-items-center justify-content-center 
         undefined secondaryBtn"
      data-aos="fade-up"
    >
      <label
        class="labelStyles"
      >
        Register Now
      </label>
    </div>
  </a>
</div>
`;
